Archive member included to satisfy reference by file (symbol)

./liborlib.a(cache.o)         crt0.o (_cache_init)
./liborlib.a(exceptions.o)    crt0.o (default_exception_handler_c)
./liborlib.a(int.o)           main.o (int_init)
./liborlib.a(mor1kx-utils.o)  ./liborlib.a(int.o) (mtspr)
/home/alireza/work/mpsoc_work/toolchain/or1k-elf/lib/gcc/or1k-elf/5.2.0/libgcc.a(__udivsi3.o)
                              main.o (__udivsi3)
/home/alireza/work/mpsoc_work/toolchain/or1k-elf/lib/gcc/or1k-elf/5.2.0/libgcc.a(__umodsi3.o)
                              main.o (__umodsi3)

Allocating common symbols
Common symbol       size              file

current_exception_state_struct
                    0x4               ./liborlib.a(exceptions.o)
recive_buffer       0x20              main.o
int_handlers        0x100             ./liborlib.a(int.o)
timer_ticks         0x4               ./liborlib.a(mor1kx-utils.o)

Memory Configuration

Name             Origin             Length             Attributes
vectors          0x0000000000000000 0x0000000000001000
ram              0x0000000000001000 0x00000000007ff000
*default*        0x0000000000000000 0xffffffffffffffff

Linker script and memory map

                0x0000000000000000                __DYNAMIC = 0x0
                0x0000000000002000                _min_stack = 0x2000

.vectors        0x0000000000000000      0xe1c
 *(.vectors)
 .vectors       0x0000000000000000      0xe1c crt0.o

.text           0x0000000000001000     0x18d4
                0x0000000000001000                _stext = .
 *(.text)
 .text          0x0000000000001000      0x18c crt0.o
                0x0000000000001000                _start
 .text          0x000000000000118c     0x1038 main.o
                0x0000000000001874                simple_printf
                0x00000000000018a0                simple_sprintf
                0x00000000000018cc                inbyte
                0x0000000000001910                jtag_putchar
                0x0000000000001958                outbyte
                0x0000000000001980                jtag_getchar
                0x00000000000019c4                jtag_scanstr
                0x0000000000001ad0                jtag_scanint
                0x0000000000001b80                ni_initial
                0x0000000000001c24                ni_transfer
                0x0000000000001ca4                ni_receive
                0x0000000000001d18                timer_int_init
                0x0000000000001d40                delay
                0x0000000000001d74                error_handling_function
                0x0000000000001eec                got_packet_function
                0x0000000000001ff8                check_packet_function
                0x0000000000002104                ni_isr
 .text          0x00000000000021c4      0x108 ./liborlib.a(cache.o)
                0x00000000000021c4                _cache_init
 .text          0x00000000000022cc       0xc8 ./liborlib.a(exceptions.o)
                0x00000000000022cc                sim_putchar
                0x00000000000022f0                add_handler
                0x0000000000002320                default_exception_handler_c
 .text          0x0000000000002394      0x268 ./liborlib.a(int.o)
                0x0000000000002394                int_init
                0x00000000000023e4                int_add
                0x0000000000002454                int_disable
                0x00000000000024b0                int_enable
                0x0000000000002508                int_main
                0x00000000000025d4                int_clear_all_pending
 .text          0x00000000000025fc      0x1ac ./liborlib.a(mor1kx-utils.o)
                0x00000000000025fc                mtspr
                0x0000000000002614                mfspr
                0x000000000000262c                sim_putc
                0x000000000000264c                report
                0x0000000000002668                exit
                0x0000000000002680                cpu_enable_user_interrupts
                0x00000000000026a4                cpu_enable_timer
                0x00000000000026d8                cpu_disable_timer
                0x0000000000002714                cpu_timer_tick
                0x000000000000274c                cpu_reset_timer_ticks
                0x0000000000002778                cpu_get_timer_ticks
                0x0000000000002798                cpu_sleep_10ms
 .text          0x00000000000027a8       0xfc /home/alireza/work/mpsoc_work/toolchain/or1k-elf/lib/gcc/or1k-elf/5.2.0/libgcc.a(__udivsi3.o)
                0x00000000000027a8                __udivsi3_internal
                0x00000000000027a8                __udivsi3
 .text          0x00000000000028a4       0x20 /home/alireza/work/mpsoc_work/toolchain/or1k-elf/lib/gcc/or1k-elf/5.2.0/libgcc.a(__umodsi3.o)
                0x00000000000028a4                __umodsi3
                0x00000000000028c4                _etext = .
                0x00000000000028c4                __CTOR_LIST__ = .
                0x00000000000028c4        0x4 LONG 0x0 (((__CTOR_END__ - __CTOR_LIST__) / 0x4) - 0x2)
 *(.ctors)
                0x00000000000028c8        0x4 LONG 0x0
                0x00000000000028cc                __CTOR_END__ = .
                0x00000000000028cc                __DTOR_LIST__ = .
                0x00000000000028cc        0x4 LONG 0x0 (((__DTOR_END__ - __DTOR_LIST__) / 0x4) - 0x2)
 *(.dtors)
                0x00000000000028d0        0x4 LONG 0x0
                0x00000000000028d4                __DTOR_END__ = .
 *(.lit)
 *(.shdata)
                0x00000000000028d4                _endtext = .

.text.startup   0x00000000000028d4       0xc4
 .text.startup  0x00000000000028d4       0xc4 main.o
                0x00000000000028d4                main

.rodata         0x0000000000002998      0x36e
 *(.rodata)
 .rodata        0x0000000000002998       0x84 main.o
 *(.rodata.*)
 .rodata.str1.1
                0x0000000000002a1c      0x1ce main.o
                                        0x1d0 (size before relaxing)
 .rodata.str1.1
                0x0000000000002bea      0x11c ./liborlib.a(exceptions.o)

.rela.dyn       0x0000000000002d08        0x0
 .rela.text     0x0000000000002d08        0x0 crt0.o
 .rela.vectors  0x0000000000002d08        0x0 crt0.o
 .rela.text.startup
                0x0000000000002d08        0x0 crt0.o
 .rela.data     0x0000000000002d08        0x0 crt0.o

.shbss
 *(.shbss)

.talias

.data           0x0000000000002d08       0xcc
                0x0000000000002d08                sdata = .
                0x0000000000002d08                _sdata = .
 *(.data)
 .data          0x0000000000002d08        0x0 crt0.o
 .data          0x0000000000002d08        0x0 main.o
 .data          0x0000000000002d08        0x0 ./liborlib.a(cache.o)
 .data          0x0000000000002d08       0xcc ./liborlib.a(exceptions.o)
                0x0000000000002d08                except_handlers
                0x0000000000002d58                exception_strings
 .data          0x0000000000002dd4        0x0 ./liborlib.a(int.o)
 .data          0x0000000000002dd4        0x0 ./liborlib.a(mor1kx-utils.o)
 .data          0x0000000000002dd4        0x0 /home/alireza/work/mpsoc_work/toolchain/or1k-elf/lib/gcc/or1k-elf/5.2.0/libgcc.a(__udivsi3.o)
 .data          0x0000000000002dd4        0x0 /home/alireza/work/mpsoc_work/toolchain/or1k-elf/lib/gcc/or1k-elf/5.2.0/libgcc.a(__umodsi3.o)
                0x0000000000002dd4                edata = .
                0x0000000000002dd4                _edata = .

.bss            0x0000000000002dd4      0x12c
                0x0000000000002dd4                _bss_start = .
 *(.bss)
 .bss           0x0000000000002dd4        0x0 crt0.o
 .bss           0x0000000000002dd4        0x4 main.o
                0x0000000000002dd4                reseived_counter
 .bss           0x0000000000002dd8        0x0 ./liborlib.a(cache.o)
 .bss           0x0000000000002dd8        0x0 ./liborlib.a(exceptions.o)
 .bss           0x0000000000002dd8        0x0 ./liborlib.a(int.o)
 .bss           0x0000000000002dd8        0x0 ./liborlib.a(mor1kx-utils.o)
 .bss           0x0000000000002dd8        0x0 /home/alireza/work/mpsoc_work/toolchain/or1k-elf/lib/gcc/or1k-elf/5.2.0/libgcc.a(__udivsi3.o)
 .bss           0x0000000000002dd8        0x0 /home/alireza/work/mpsoc_work/toolchain/or1k-elf/lib/gcc/or1k-elf/5.2.0/libgcc.a(__umodsi3.o)
 *(COMMON)
 COMMON         0x0000000000002dd8       0x20 main.o
                0x0000000000002dd8                recive_buffer
 COMMON         0x0000000000002df8        0x4 ./liborlib.a(exceptions.o)
                0x0000000000002df8                current_exception_state_struct
 COMMON         0x0000000000002dfc      0x100 ./liborlib.a(int.o)
                0x0000000000002dfc                int_handlers
 COMMON         0x0000000000002efc        0x4 ./liborlib.a(mor1kx-utils.o)
                0x0000000000002efc                timer_ticks
                0x0000000000002f00                _bss_end = .

.stack          0x0000000000002f00     0x2000
                0x0000000000002f00                . = ALIGN (0x4)
                0x0000000000004f00                . = (. + _min_stack)
 *fill*         0x0000000000002f00     0x2000 
                0x0000000000004f00                . = ALIGN (0x4)
                0x0000000000004f00                stack = .
                0x0000000000004f00                _stack = .

.stab
 *(.stab)

.stabstr
 *(.stabstr)
LOAD crt0.o
LOAD main.o
LOAD ./liborlib.a
LOAD /home/alireza/work/mpsoc_work/toolchain/or1k-elf/lib/gcc/or1k-elf/5.2.0/libgcc.a
OUTPUT(image elf32-or1k)

.debug_info     0x0000000000000000     0x15ae
 .debug_info    0x0000000000000000      0xe2a main.o
 .debug_info    0x0000000000000e2a      0x1c4 ./liborlib.a(exceptions.o)
 .debug_info    0x0000000000000fee      0x290 ./liborlib.a(int.o)
 .debug_info    0x000000000000127e      0x330 ./liborlib.a(mor1kx-utils.o)

.debug_abbrev   0x0000000000000000      0x7f0
 .debug_abbrev  0x0000000000000000      0x3bb main.o
 .debug_abbrev  0x00000000000003bb      0x116 ./liborlib.a(exceptions.o)
 .debug_abbrev  0x00000000000004d1      0x173 ./liborlib.a(int.o)
 .debug_abbrev  0x0000000000000644      0x1ac ./liborlib.a(mor1kx-utils.o)

.debug_loc      0x0000000000000000     0x13a0
 .debug_loc     0x0000000000000000     0x103b main.o
 .debug_loc     0x000000000000103b      0x15f ./liborlib.a(exceptions.o)
 .debug_loc     0x000000000000119a      0x166 ./liborlib.a(int.o)
 .debug_loc     0x0000000000001300       0xa0 ./liborlib.a(mor1kx-utils.o)

.debug_aranges  0x0000000000000000       0x88
 .debug_aranges
                0x0000000000000000       0x28 main.o
 .debug_aranges
                0x0000000000000028       0x20 ./liborlib.a(exceptions.o)
 .debug_aranges
                0x0000000000000048       0x20 ./liborlib.a(int.o)
 .debug_aranges
                0x0000000000000068       0x20 ./liborlib.a(mor1kx-utils.o)

.debug_ranges   0x0000000000000000      0x200
 .debug_ranges  0x0000000000000000      0x198 main.o
 .debug_ranges  0x0000000000000198       0x68 ./liborlib.a(mor1kx-utils.o)

.debug_line     0x0000000000000000      0x738
 .debug_line    0x0000000000000000      0x543 main.o
 .debug_line    0x0000000000000543       0x8e ./liborlib.a(exceptions.o)
 .debug_line    0x00000000000005d1       0xb8 ./liborlib.a(int.o)
 .debug_line    0x0000000000000689       0xaf ./liborlib.a(mor1kx-utils.o)

.debug_str      0x0000000000000000      0x563
 .debug_str     0x0000000000000000      0x392 main.o
                                        0x401 (size before relaxing)
 .debug_str     0x0000000000000392       0xd0 ./liborlib.a(exceptions.o)
                                        0x180 (size before relaxing)
 .debug_str     0x0000000000000462       0x5c ./liborlib.a(int.o)
                                        0x116 (size before relaxing)
 .debug_str     0x00000000000004be       0xa5 ./liborlib.a(mor1kx-utils.o)
                                        0x17a (size before relaxing)

.comment        0x0000000000000000       0x11
 .comment       0x0000000000000000       0x11 main.o
                                         0x12 (size before relaxing)
 .comment       0x0000000000000011       0x12 ./liborlib.a(exceptions.o)
 .comment       0x0000000000000011       0x12 ./liborlib.a(int.o)
 .comment       0x0000000000000011       0x12 ./liborlib.a(mor1kx-utils.o)

.debug_frame    0x0000000000000000      0x4c0
 .debug_frame   0x0000000000000000      0x270 main.o
 .debug_frame   0x0000000000000270       0x60 ./liborlib.a(exceptions.o)
 .debug_frame   0x00000000000002d0       0xb8 ./liborlib.a(int.o)
 .debug_frame   0x0000000000000388      0x138 ./liborlib.a(mor1kx-utils.o)
