Archive member included to satisfy reference by file (symbol)

./liborlib.a(cache.o)         crt0.o (_cache_init)
./liborlib.a(exceptions.o)    crt0.o (default_exception_handler_c)
./liborlib.a(int.o)           main.o (int_init)
./liborlib.a(mor1kx-utils.o)  ./liborlib.a(int.o) (mtspr)
/home/alireza/work/mpsoc_work/toolchain/or1k-elf/lib/gcc/or1k-elf/5.2.0/libgcc.a(__udivsi3.o)
                              main.o (__udivsi3)
/home/alireza/work/mpsoc_work/toolchain/or1k-elf/lib/gcc/or1k-elf/5.2.0/libgcc.a(__umodsi3.o)
                              main.o (__umodsi3)

Allocating common symbols
Common symbol       size              file

current_exception_state_struct
                    0x4               ./liborlib.a(exceptions.o)
recive_buffer       0xf               main.o
int_handlers        0x100             ./liborlib.a(int.o)
timer_ticks         0x4               ./liborlib.a(mor1kx-utils.o)

Memory Configuration

Name             Origin             Length             Attributes
vectors          0x0000000000000000 0x0000000000001000
ram              0x0000000000001000 0x00000000007ff000
*default*        0x0000000000000000 0xffffffffffffffff

Linker script and memory map

                0x0000000000000000                __DYNAMIC = 0x0
                0x0000000000002000                _min_stack = 0x2000

.vectors        0x0000000000000000      0xe1c
 *(.vectors)
 .vectors       0x0000000000000000      0xe1c crt0.o

.text           0x0000000000001000     0x1758
                0x0000000000001000                _stext = .
 *(.text)
 .text          0x0000000000001000      0x18c crt0.o
                0x0000000000001000                _start
 .text          0x000000000000118c      0xebc main.o
                0x0000000000001874                simple_printf
                0x00000000000018a0                simple_sprintf
                0x00000000000018cc                inbyte
                0x0000000000001910                jtag_putchar
                0x0000000000001958                outbyte
                0x0000000000001980                jtag_getchar
                0x00000000000019c4                jtag_scanstr
                0x0000000000001ad0                jtag_scanint
                0x0000000000001b80                ni_initial
                0x0000000000001c24                ni_transfer
                0x0000000000001ca4                ni_receive
                0x0000000000001d18                timer_int_init
                0x0000000000001d40                delay
                0x0000000000001d74                error_handling_function
                0x0000000000001eec                ni_isr
                0x0000000000001f3c                got_packet_function
 .text          0x0000000000002048      0x108 ./liborlib.a(cache.o)
                0x0000000000002048                _cache_init
 .text          0x0000000000002150       0xc8 ./liborlib.a(exceptions.o)
                0x0000000000002150                sim_putchar
                0x0000000000002174                add_handler
                0x00000000000021a4                default_exception_handler_c
 .text          0x0000000000002218      0x268 ./liborlib.a(int.o)
                0x0000000000002218                int_init
                0x0000000000002268                int_add
                0x00000000000022d8                int_disable
                0x0000000000002334                int_enable
                0x000000000000238c                int_main
                0x0000000000002458                int_clear_all_pending
 .text          0x0000000000002480      0x1ac ./liborlib.a(mor1kx-utils.o)
                0x0000000000002480                mtspr
                0x0000000000002498                mfspr
                0x00000000000024b0                sim_putc
                0x00000000000024d0                report
                0x00000000000024ec                exit
                0x0000000000002504                cpu_enable_user_interrupts
                0x0000000000002528                cpu_enable_timer
                0x000000000000255c                cpu_disable_timer
                0x0000000000002598                cpu_timer_tick
                0x00000000000025d0                cpu_reset_timer_ticks
                0x00000000000025fc                cpu_get_timer_ticks
                0x000000000000261c                cpu_sleep_10ms
 .text          0x000000000000262c       0xfc /home/alireza/work/mpsoc_work/toolchain/or1k-elf/lib/gcc/or1k-elf/5.2.0/libgcc.a(__udivsi3.o)
                0x000000000000262c                __udivsi3_internal
                0x000000000000262c                __udivsi3
 .text          0x0000000000002728       0x20 /home/alireza/work/mpsoc_work/toolchain/or1k-elf/lib/gcc/or1k-elf/5.2.0/libgcc.a(__umodsi3.o)
                0x0000000000002728                __umodsi3
                0x0000000000002748                _etext = .
                0x0000000000002748                __CTOR_LIST__ = .
                0x0000000000002748        0x4 LONG 0x0 (((__CTOR_END__ - __CTOR_LIST__) / 0x4) - 0x2)
 *(.ctors)
                0x000000000000274c        0x4 LONG 0x0
                0x0000000000002750                __CTOR_END__ = .
                0x0000000000002750                __DTOR_LIST__ = .
                0x0000000000002750        0x4 LONG 0x0 (((__DTOR_END__ - __DTOR_LIST__) / 0x4) - 0x2)
 *(.dtors)
                0x0000000000002754        0x4 LONG 0x0
                0x0000000000002758                __DTOR_END__ = .
 *(.lit)
 *(.shdata)
                0x0000000000002758                _endtext = .

.text.startup   0x0000000000002758      0x164
 .text.startup  0x0000000000002758      0x164 main.o
                0x0000000000002758                main

.rodata         0x00000000000028bc      0x32d
 *(.rodata)
 .rodata        0x00000000000028bc       0x84 main.o
 *(.rodata.*)
 .rodata.str1.1
                0x0000000000002940      0x18d main.o
 .rodata.str1.1
                0x0000000000002acd      0x11c ./liborlib.a(exceptions.o)

.rela.dyn       0x0000000000002bec        0x0
 .rela.text     0x0000000000002bec        0x0 crt0.o
 .rela.vectors  0x0000000000002bec        0x0 crt0.o
 .rela.text.startup
                0x0000000000002bec        0x0 crt0.o
 .rela.data     0x0000000000002bec        0x0 crt0.o

.shbss
 *(.shbss)

.talias

.data           0x0000000000002bec       0xec
                0x0000000000002bec                sdata = .
                0x0000000000002bec                _sdata = .
 *(.data)
 .data          0x0000000000002bec        0x0 crt0.o
 .data          0x0000000000002bec       0x20 main.o
                0x0000000000002bec                pck3
                0x0000000000002bf4                pck2
                0x0000000000002c00                pck1
 .data          0x0000000000002c0c        0x0 ./liborlib.a(cache.o)
 .data          0x0000000000002c0c       0xcc ./liborlib.a(exceptions.o)
                0x0000000000002c0c                except_handlers
                0x0000000000002c5c                exception_strings
 .data          0x0000000000002cd8        0x0 ./liborlib.a(int.o)
 .data          0x0000000000002cd8        0x0 ./liborlib.a(mor1kx-utils.o)
 .data          0x0000000000002cd8        0x0 /home/alireza/work/mpsoc_work/toolchain/or1k-elf/lib/gcc/or1k-elf/5.2.0/libgcc.a(__udivsi3.o)
 .data          0x0000000000002cd8        0x0 /home/alireza/work/mpsoc_work/toolchain/or1k-elf/lib/gcc/or1k-elf/5.2.0/libgcc.a(__umodsi3.o)
                0x0000000000002cd8                edata = .
                0x0000000000002cd8                _edata = .

.bss            0x0000000000002cd8      0x11c
                0x0000000000002cd8                _bss_start = .
 *(.bss)
 .bss           0x0000000000002cd8        0x0 crt0.o
 .bss           0x0000000000002cd8        0x4 main.o
                0x0000000000002cd8                reseived_counter
 .bss           0x0000000000002cdc        0x0 ./liborlib.a(cache.o)
 .bss           0x0000000000002cdc        0x0 ./liborlib.a(exceptions.o)
 .bss           0x0000000000002cdc        0x0 ./liborlib.a(int.o)
 .bss           0x0000000000002cdc        0x0 ./liborlib.a(mor1kx-utils.o)
 .bss           0x0000000000002cdc        0x0 /home/alireza/work/mpsoc_work/toolchain/or1k-elf/lib/gcc/or1k-elf/5.2.0/libgcc.a(__udivsi3.o)
 .bss           0x0000000000002cdc        0x0 /home/alireza/work/mpsoc_work/toolchain/or1k-elf/lib/gcc/or1k-elf/5.2.0/libgcc.a(__umodsi3.o)
 *(COMMON)
 COMMON         0x0000000000002cdc        0xf main.o
                0x0000000000002cdc                recive_buffer
 *fill*         0x0000000000002ceb        0x1 
 COMMON         0x0000000000002cec        0x4 ./liborlib.a(exceptions.o)
                0x0000000000002cec                current_exception_state_struct
 COMMON         0x0000000000002cf0      0x100 ./liborlib.a(int.o)
                0x0000000000002cf0                int_handlers
 COMMON         0x0000000000002df0        0x4 ./liborlib.a(mor1kx-utils.o)
                0x0000000000002df0                timer_ticks
                0x0000000000002df4                _bss_end = .

.stack          0x0000000000002df4     0x2000
                0x0000000000002df4                . = ALIGN (0x4)
                0x0000000000004df4                . = (. + _min_stack)
 *fill*         0x0000000000002df4     0x2000 
                0x0000000000004df4                . = ALIGN (0x4)
                0x0000000000004df4                stack = .
                0x0000000000004df4                _stack = .

.stab
 *(.stab)

.stabstr
 *(.stabstr)
LOAD crt0.o
LOAD main.o
LOAD ./liborlib.a
LOAD /home/alireza/work/mpsoc_work/toolchain/or1k-elf/lib/gcc/or1k-elf/5.2.0/libgcc.a
OUTPUT(image elf32-or1k)

.debug_info     0x0000000000000000     0x1565
 .debug_info    0x0000000000000000      0xde1 main.o
 .debug_info    0x0000000000000de1      0x1c4 ./liborlib.a(exceptions.o)
 .debug_info    0x0000000000000fa5      0x290 ./liborlib.a(int.o)
 .debug_info    0x0000000000001235      0x330 ./liborlib.a(mor1kx-utils.o)

.debug_abbrev   0x0000000000000000      0x79e
 .debug_abbrev  0x0000000000000000      0x369 main.o
 .debug_abbrev  0x0000000000000369      0x116 ./liborlib.a(exceptions.o)
 .debug_abbrev  0x000000000000047f      0x173 ./liborlib.a(int.o)
 .debug_abbrev  0x00000000000005f2      0x1ac ./liborlib.a(mor1kx-utils.o)

.debug_loc      0x0000000000000000     0x12d6
 .debug_loc     0x0000000000000000      0xf71 main.o
 .debug_loc     0x0000000000000f71      0x15f ./liborlib.a(exceptions.o)
 .debug_loc     0x00000000000010d0      0x166 ./liborlib.a(int.o)
 .debug_loc     0x0000000000001236       0xa0 ./liborlib.a(mor1kx-utils.o)

.debug_aranges  0x0000000000000000       0x88
 .debug_aranges
                0x0000000000000000       0x28 main.o
 .debug_aranges
                0x0000000000000028       0x20 ./liborlib.a(exceptions.o)
 .debug_aranges
                0x0000000000000048       0x20 ./liborlib.a(int.o)
 .debug_aranges
                0x0000000000000068       0x20 ./liborlib.a(mor1kx-utils.o)

.debug_ranges   0x0000000000000000      0x1f8
 .debug_ranges  0x0000000000000000      0x190 main.o
 .debug_ranges  0x0000000000000190       0x68 ./liborlib.a(mor1kx-utils.o)

.debug_line     0x0000000000000000      0x64d
 .debug_line    0x0000000000000000      0x458 main.o
 .debug_line    0x0000000000000458       0x8e ./liborlib.a(exceptions.o)
 .debug_line    0x00000000000004e6       0xb8 ./liborlib.a(int.o)
 .debug_line    0x000000000000059e       0xaf ./liborlib.a(mor1kx-utils.o)

.debug_str      0x0000000000000000      0x52f
 .debug_str     0x0000000000000000      0x35e main.o
                                        0x3b2 (size before relaxing)
 .debug_str     0x000000000000035e       0xd0 ./liborlib.a(exceptions.o)
                                        0x180 (size before relaxing)
 .debug_str     0x000000000000042e       0x5c ./liborlib.a(int.o)
                                        0x116 (size before relaxing)
 .debug_str     0x000000000000048a       0xa5 ./liborlib.a(mor1kx-utils.o)
                                        0x17a (size before relaxing)

.comment        0x0000000000000000       0x11
 .comment       0x0000000000000000       0x11 main.o
                                         0x12 (size before relaxing)
 .comment       0x0000000000000011       0x12 ./liborlib.a(exceptions.o)
 .comment       0x0000000000000011       0x12 ./liborlib.a(int.o)
 .comment       0x0000000000000011       0x12 ./liborlib.a(mor1kx-utils.o)

.debug_frame    0x0000000000000000      0x49c
 .debug_frame   0x0000000000000000      0x24c main.o
 .debug_frame   0x000000000000024c       0x60 ./liborlib.a(exceptions.o)
 .debug_frame   0x00000000000002ac       0xb8 ./liborlib.a(int.o)
 .debug_frame   0x0000000000000364      0x138 ./liborlib.a(mor1kx-utils.o)
